Microchip MPLAB XC8 Compiler V1.34 ()

Linker command line:

--edf=C:\Program Files (x86)\Microchip\xc8\v1.34\dat\en_msgs.txt -cs \
  -h+boost_con_2016-07-24.sym --cmf=boost_con_2016-07-24.cmf -z -Q16F1827 \
  -oC:\Users\Yosuke\AppData\Local\Temp\s344.6 -Mboost_con_2016-07-24.map \
  -E1 -ver=XC8 -ASTACK=020D4h-0216fh -pstack=STACK -ACODE=00h-07FFhx2 \
  -ASTRCODE=00h-0FFFh -ASTRING=00h-0FFhx16 -ACONST=00h-0FFhx16 \
  -AENTRY=00h-0FFhx16 -ACOMMON=070h-07Fh -ABANK0=020h-06Fh \
  -ABANK1=0A0h-0EFh -ABANK2=0120h-016Fh -ABANK3=01A0h-01EFh \
  -ABANK4=0220h-024Fh -ABIGRAM=02000h-0216Fh \
  -ARAM=020h-06Fh,0A0h-0EFh,0120h-016Fh,01A0h-01EFh,0220h-024Fh \
  -AABS1=020h-07Fh,0A0h-0EFh,0120h-016Fh,01A0h-01EFh,0220h-024Fh \
  -ASFR0=00h-01Fh -ASFR1=080h-09Fh -ASFR2=0100h-011Fh -ASFR3=0180h-019Fh \
  -ASFR4=0200h-021Fh -ASFR5=0280h-02EFh -ASFR6=0300h-036Fh \
  -ASFR7=0380h-03EFh -ASFR8=0400h-046Fh -ASFR9=0480h-04EFh \
  -ASFR10=0500h-056Fh -ASFR11=0580h-05EFh -ASFR12=0600h-066Fh \
  -ASFR13=0680h-06EFh -ASFR14=0700h-076Fh -ASFR15=0780h-07EFh \
  -ASFR16=0800h-086Fh -ASFR17=0880h-08EFh -ASFR18=0900h-096Fh \
  -ASFR19=0980h-09EFh -ASFR20=0A00h-0A6Fh -ASFR21=0A80h-0AEFh \
  -ASFR22=0B00h-0B6Fh -ASFR23=0B80h-0BEFh -ASFR24=0C00h-0C6Fh \
  -ASFR25=0C80h-0CEFh -ASFR26=0D00h-0D6Fh -ASFR27=0D80h-0DEFh \
  -ASFR28=0E00h-0E6Fh -ASFR29=0E80h-0EEFh -ASFR30=0F00h-0F6Fh \
  -ASFR31=0F80h-0FEFh -preset_vec=00h,intentry=04h,init,end_init \
  -ppowerup=CODE -pcinit=CODE -pfunctab=CODE -ACONFIG=08007h-08008h \
  -pconfig=CONFIG -DCONFIG=2 -AIDLOC=08000h-08003h -pidloc=IDLOC -DIDLOC=2 \
  -AEEDATA=00h-0FFh/0F000h -peeprom_data=EEDATA -DEEDATA=2 -DCODE=2 \
  -DSTRCODE=2 -DSTRING=2 -DCONST=2 -DENTRY=2 -k startup.obj \
  boost_con_2016-07-24.obj 

Object code version is 3.11

Machine type is 16F1827



                Name                               Link     Load   Length Selector   Space Scale
startup.obj     end_init                             C4       C4        2        8       0
                reset_vec                             0        0        2        0       0
                config                             8007     8007        2    1000E       0
boost_con_2016-07-24.obj
                cinit                                C6       C6       31        8       0
                intentry                              4        4       C0        8       0
                text25                              E99      E99        4     1D32       0
                text24                              EB5      EB5        A     1D6A       0
                text22                              F8F      F8F       30     1F1E       0
                text21                              EC9      EC9        B     1D92       0
                text20                              596      596       A4        8       0
                text19                              792      792       45        8       0
                text18                              74C      74C       46        8       0
                text17                              EF0      EF0        F     1DE0       0
                text16                              F4A      F4A       1E     1E94       0
                text15                              EFF      EFF       15     1DFE       0
                text14                              EAC      EAC        9     1D58       0
                text13                              FBF      FBF       41     1F7E       0
                text12                              6B4      6B4       52        8       0
                text11                              706      706       46        8       0
                text10                              F2E      F2E       1C     1E5C       0
                text9                               EBF      EBF        A     1D7E       0
                text8                               F68      F68       27     1ED0       0
                text7                               7D7      7D7       28        8       0
                text6                               63A      63A       7A        8       0
                text5                               F14      F14       1A     1E28       0
                text4                               3D8      3D8      1BE        8       0
                text3                               ED4      ED4        E     1DA8       0
                text2                               EA1      EA1        5     1D42       0
                text1                               EE2      EE2        E     1DC4       0
                swtext1                             83B      83B       12     1076       0
                maintext                             F7       F7      2E1        8       0
                cstackBANK0                          20       20       28       20       1
                cstackCOMMON                         70       70        6       70       1
                cstackBANK1                          A0       A0       20       A0       1
                clrtext                             EA6      EA6        6     1D4C       0
                bssBANK2                            120      120       34      120       1
                bssBANK1                             C0       C0       1F       A0       1
                dataBANK0                            4F       4F        4       20       1
                bssBANK0                             48       48        7       20       1
                dataCOMMON                           79       79        1       70       1
                bssCOMMON                            76       76        3       70       1
                stringtext                          800      800       3B       10       0
                idataBANK0                          E9D      E9D        4     1D3A       0
                idataCOMMON                         7FF      7FF        1        8       0

TOTAL           Name                               Link     Load   Length     Space
        CLASS   STACK          

        CLASS   CODE           
                end_init                             C4       C4        2         0
                cinit                                C6       C6       31         0
                intentry                              4        4       C0         0
                reset_vec                             0        0        2         0
                text25                              E99      E99        4         0
                text24                              EB5      EB5        A         0
                text22                              F8F      F8F       30         0
                text21                              EC9      EC9        B         0
                text20                              596      596       A4         0
                text19                              792      792       45         0
                text18                              74C      74C       46         0
                text17                              EF0      EF0        F         0
                text16                              F4A      F4A       1E         0
                text15                              EFF      EFF       15         0
                text14                              EAC      EAC        9         0
                text13                              FBF      FBF       41         0
                text12                              6B4      6B4       52         0
                text11                              706      706       46         0
                text10                              F2E      F2E       1C         0
                text9                               EBF      EBF        A         0
                text8                               F68      F68       27         0
                text7                               7D7      7D7       28         0
                text6                               63A      63A       7A         0
                text5                               F14      F14       1A         0
                text4                               3D8      3D8      1BE         0
                text3                               ED4      ED4        E         0
                text2                               EA1      EA1        5         0
                text1                               EE2      EE2        E         0
                maintext                             F7       F7      2E1         0
                clrtext                             EA6      EA6        6         0
                idataBANK0                          E9D      E9D        4         0
                idataCOMMON                         7FF      7FF        1         0

        CLASS   STRCODE        
                stringtext                          800      800       3B         0

        CLASS   STRING         

        CLASS   CONST          
                swtext1                             83B      83B       12         0

        CLASS   ENTRY          

        CLASS   COMMON         
                cstackCOMMON                         70       70        6         1
                dataCOMMON                           79       79        1         1
                bssCOMMON                            76       76        3         1

        CLASS   BANK0          
                cstackBANK0                          20       20       28         1
                dataBANK0                            4F       4F        4         1
                bssBANK0                             48       48        7         1

        CLASS   BANK1          
                cstackBANK1                          A0       A0       20         1
                bssBANK1                             C0       C0       1F         1

        CLASS   BANK2          
                bssBANK2                            120      120       34         1

        CLASS   BANK3          

        CLASS   BANK4          

        CLASS   BIGRAM         

        CLASS   RAM            

        CLASS   ABS1           
                abs_s1                               7E       7E        2         1

        CLASS   SFR0           

        CLASS   SFR1           

        CLASS   SFR2           

        CLASS   SFR3           

        CLASS   SFR4           

        CLASS   SFR5           

        CLASS   SFR6           

        CLASS   SFR7           

        CLASS   SFR8           

        CLASS   SFR9           

        CLASS   SFR10          

        CLASS   SFR11          

        CLASS   SFR12          

        CLASS   SFR13          

        CLASS   SFR14          

        CLASS   SFR15          

        CLASS   SFR16          

        CLASS   SFR17          

        CLASS   SFR18          

        CLASS   SFR19          

        CLASS   SFR20          

        CLASS   SFR21          

        CLASS   SFR22          

        CLASS   SFR23          

        CLASS   SFR24          

        CLASS   SFR25          

        CLASS   SFR26          

        CLASS   SFR27          

        CLASS   SFR28          

        CLASS   SFR29          

        CLASS   SFR30          

        CLASS   SFR31          

        CLASS   CONFIG         
                config                             8007     8007        2         0

        CLASS   IDLOC          

        CLASS   EEDATA         

        CLASS   BANK31         

        CLASS   BANK30         

        CLASS   BANK29         

        CLASS   BANK28         

        CLASS   BANK27         

        CLASS   BANK26         

        CLASS   BANK25         

        CLASS   BANK24         

        CLASS   BANK23         

        CLASS   BANK22         

        CLASS   BANK21         

        CLASS   BANK20         

        CLASS   BANK19         

        CLASS   BANK18         

        CLASS   BANK17         

        CLASS   BANK16         

        CLASS   BANK15         

        CLASS   BANK14         

        CLASS   BANK13         

        CLASS   BANK12         

        CLASS   BANK11         

        CLASS   BANK10         

        CLASS   BANK9          

        CLASS   BANK8          

        CLASS   BANK7          

        CLASS   BANK6          

        CLASS   BANK5          



SEGMENTS        Name                           Load    Length   Top    Selector   Space  Class     Delta

                reset_vec                      000000  000002  000002         0       0  CODE        2
                intentry                       000004  0007FC  000800         8       0  CODE        2
                cstackBANK0                    000020  000033  000053        20       1  BANK0       1
                cstackCOMMON                   000070  00000A  00007A        70       1  COMMON      1
                cstackBANK1                    0000A0  00003F  0000DF        A0       1  BANK1       1
                bssBANK2                       000120  000034  000154       120       1  BANK2       1
                stringtext                     000800  00003B  00083B        10       0  STRCODE     2
                swtext1                        00083B  000012  00084D      1076       0  CONST       2
                text25                         000E99  000004  000E9D      1D32       0  CODE        2
                idataBANK0                     000E9D  000004  000EA1      1D3A       0  CODE        2
                text2                          000EA1  000005  000EA6      1D42       0  CODE        2
                clrtext                        000EA6  000006  000EAC      1D4C       0  CODE        2
                text14                         000EAC  000009  000EB5      1D58       0  CODE        2
                text24                         000EB5  00000A  000EBF      1D6A       0  CODE        2
                text9                          000EBF  00000A  000EC9      1D7E       0  CODE        2
                text21                         000EC9  00000B  000ED4      1D92       0  CODE        2
                text3                          000ED4  00000E  000EE2      1DA8       0  CODE        2
                text1                          000EE2  00000E  000EF0      1DC4       0  CODE        2
                text17                         000EF0  00000F  000EFF      1DE0       0  CODE        2
                text15                         000EFF  000015  000F14      1DFE       0  CODE        2
                text5                          000F14  00001A  000F2E      1E28       0  CODE        2
                text10                         000F2E  00001C  000F4A      1E5C       0  CODE        2
                text16                         000F4A  00001E  000F68      1E94       0  CODE        2
                text8                          000F68  000027  000F8F      1ED0       0  CODE        2
                text22                         000F8F  000030  000FBF      1F1E       0  CODE        2
                text13                         000FBF  000041  001000      1F7E       0  CODE        2
                config                         008007  000002  008009     1000E       0  CONFIG      2


UNUSED ADDRESS RANGES

        Name                Unused          Largest block    Delta
        BANK0            00053-0006F              1D           1
        BANK1            000DF-000EF              11           1
        BANK2            00154-0016F              1C           1
        BANK3            001A0-001EF              50           1
        BANK4            00220-0024F              30           1
        BIGRAM           02000-0216F             170           1
        CODE             00002-00003               2           2
                         0084D-00E98             64C
        COMMON           0007A-0007D               4           1
        CONST            00002-00003               2           2
                         0084D-00E98             100
        EEDATA           0F000-0F0FF             100           2
        ENTRY            00002-00003               2           2
                         0084D-00E98             100
        IDLOC            08000-08003               4           2
        RAM              00053-0006F              1D           1
                         000DF-000EF              11
                         00154-0016F              1C
                         001A0-001EF              50
                         00220-0024F              30
        SFR0             00000-0001F              20           1
        SFR1             00080-0009F              20           1
        SFR10            00500-0056F              70           1
        SFR11            00580-005EF              70           1
        SFR12            00600-0066F              70           1
        SFR13            00680-006EF              70           1
        SFR14            00700-0076F              70           1
        SFR15            00780-007EF              70           1
        SFR16            00800-0086F              70           1
        SFR17            00880-008EF              70           1
        SFR18            00900-0096F              70           1
        SFR19            00980-009EF              70           1
        SFR2             00100-0011F              20           1
        SFR20            00A00-00A6F              70           1
        SFR21            00A80-00AEF              70           1
        SFR22            00B00-00B6F              70           1
        SFR23            00B80-00BEF              70           1
        SFR24            00C00-00C6F              70           1
        SFR25            00C80-00CEF              70           1
        SFR26            00D00-00D6F              70           1
        SFR27            00D80-00DEF              70           1
        SFR28            00E00-00E6F              70           1
        SFR29            00E80-00EEF              70           1
        SFR3             00180-0019F              20           1
        SFR30            00F00-00F6F              70           1
        SFR31            00F80-00FEF              70           1
        SFR4             00200-0021F              20           1
        SFR5             00280-002EF              70           1
        SFR6             00300-0036F              70           1
        SFR7             00380-003EF              70           1
        SFR8             00400-0046F              70           1
        SFR9             00480-004EF              70           1
        STACK            020D4-0216F              9C           1
        STRCODE          00002-00003               2           2
                         0084D-00E98             64C
        STRING           00002-00003               2           2
                         0084D-00E98             100

                                  Symbol Table

?_Get_AD_data                      cstackCOMMON 00074
?___awdiv                          cstackBANK0  00020
?___awmod                          cstackBANK0  00020
?___wmul                           cstackBANK0  00020
?_set_halfbridge_duty              cstackBANK0  00027
ECCP1_Init@eccp_config             cstackBANK0  00028
ECCP2_Init@eccp_config             cstackBANK0  00028
Get_AD_data@chs                    cstackBANK0  00023
Get_AD_data@data                   cstackBANK0  00024
Init@eccp_config                   cstackBANK0  0002A
TMR4_Interrupt_set@ps              cstackCOMMON 00075
_ADCON0bits                        (abs)        0009D
_ADCON1bits                        (abs)        0009E
_ADRESH                            (abs)        0009C
_ADRESL                            (abs)        0009B
_AD_Init                           text21       00EC9
_ANSELA                            (abs)        0018C
_ANSELAbits                        (abs)        0018C
_ANSELBbits                        (abs)        0018D
_APFCON0bits                       (abs)        0011D
_APFCON1bits                       (abs)        0011E
_BRG16                             (abs)        00CFB
_BRGH                              (abs)        00CF2
_CCP1ASbits                        (abs)        00295
_CCP1CONbits                       (abs)        00293
_CCP2ASbits                        (abs)        0029C
_CCP2CONbits                       (abs)        0029A
_CCPR1L                            (abs)        00291
_CCPR2L                            (abs)        00298
_CCPTMRSbits                       (abs)        0029E
_CREN                              (abs)        00CEC
_ECCP1_Init                        text19       00792
_ECCP2_Init                        text18       0074C
_GIE                               (abs)        0005F
_Get_AD_data                       text22       00F8F
_INTCONbits                        (abs)        0000B
_IOCBN                             (abs)        00395
_IOCBP                             (abs)        00394
_IOCIE                             (abs)        0005B
_IOCIF                             (abs)        00058
_Init                              text13       00FBF
_LATA                              (abs)        0010C
_LATA2                             (abs)        00862
_LATA3                             (abs)        00863
_LATB                              (abs)        0010D
_OPTION_REGbits                    (abs)        00095
_OSCCONbits                        (abs)        00099
_OSCTUNEbits                       (abs)        00098
_PEIE                              (abs)        0005E
_PR4                               (abs)        00416
_PSA                               (abs)        004AB
_PWM1CONbits                       (abs)        00294
_PWM2CONbits                       (abs)        0029B
_RCIE                              (abs)        0048D
_RCIF                              (abs)        0008D
_RCREG                             (abs)        00199
_SENDB                             (abs)        00CF3
_SPBRGH                            (abs)        0019C
_SPBRGL                            (abs)        0019B
_SPEN                              (abs)        00CEF
_SYNC                              (abs)        00CF4
_T1CONbits                         (abs)        00018
_T1GCONbits                        (abs)        00019
_T4CONbits                         (abs)        00417
_TMR0                              (abs)        00015
_TMR0CS                            (abs)        004AD
_TMR0IE                            (abs)        0005D
_TMR0IF                            (abs)        0005A
_TMR1IE                            (abs)        00488
_TMR4IE                            (abs)        00499
_TMR4IF                            (abs)        00099
_TMR4_Interrupt_set                text17       00EF0
_TRISA                             (abs)        0008C
_TRISA6                            (abs)        00466
_TRISA7                            (abs)        00467
_TRISAbits                         (abs)        0008C
_TRISB                             (abs)        0008D
_TRISB3                            (abs)        0046B
_TRISB5                            (abs)        0046D
_TRISBbits                         (abs)        0008D
_TX9                               (abs)        00CF6
_TXEN                              (abs)        00CF5
_TXIE                              (abs)        0048C
_TXIF                              (abs)        0008C
_TXREG                             (abs)        0019A
_UART_Init                         text16       00F4A
__CFG_BOREN$OFF                    (abs)        00000
__CFG_BORV$LO                      (abs)        00000
__CFG_CLKOUTEN$OFF                 (abs)        00000
__CFG_CP$OFF                       (abs)        00000
__CFG_CPD$OFF                      (abs)        00000
__CFG_FCMEN$ON                     (abs)        00000
__CFG_FOSC$INTOSC                  (abs)        00000
__CFG_IESO$ON                      (abs)        00000
__CFG_LVP$OFF                      (abs)        00000
__CFG_MCLRE$OFF                    (abs)        00000
__CFG_PLLEN$ON                     (abs)        00000
__CFG_PWRTE$ON                     (abs)        00000
__CFG_STVREN$ON                    (abs)        00000
__CFG_WDTE$OFF                     (abs)        00000
__CFG_WRT$OFF                      (abs)        00000
__Habs1                            abs1         00000
__Hbank0                           bank0        00000
__Hbank1                           bank1        00000
__Hbank10                          bank10       00000
__Hbank11                          bank11       00000
__Hbank12                          bank12       00000
__Hbank13                          bank13       00000
__Hbank14                          bank14       00000
__Hbank15                          bank15       00000
__Hbank16                          bank16       00000
__Hbank17                          bank17       00000
__Hbank18                          bank18       00000
__Hbank19                          bank19       00000
__Hbank2                           bank2        00000
__Hbank20                          bank20       00000
__Hbank21                          bank21       00000
__Hbank22                          bank22       00000
__Hbank23                          bank23       00000
__Hbank24                          bank24       00000
__Hbank25                          bank25       00000
__Hbank26                          bank26       00000
__Hbank27                          bank27       00000
__Hbank28                          bank28       00000
__Hbank29                          bank29       00000
__Hbank3                           bank3        00000
__Hbank30                          bank30       00000
__Hbank31                          bank31       00000
__Hbank4                           bank4        00000
__Hbank5                           bank5        00000
__Hbank6                           bank6        00000
__Hbank7                           bank7        00000
__Hbank8                           bank8        00000
__Hbank9                           bank9        00000
__Hbigram                          bigram       00000
__HbssBANK0                        bssBANK0     00000
__HbssBANK1                        bssBANK1     00000
__HbssBANK2                        bssBANK2     00000
__HbssCOMMON                       bssCOMMON    00000
__Hcinit                           cinit        000F7
__Hclrtext                         clrtext      00000
__Hcode                            code         00000
__Hcommon                          common       00000
__Hconfig                          config       08009
__HcstackBANK0                     cstackBANK0  00000
__HcstackBANK1                     cstackBANK1  00000
__HcstackCOMMON                    cstackCOMMON 00000
__HdataBANK0                       dataBANK0    00000
__HdataCOMMON                      dataCOMMON   00000
__Heeprom_data                     eeprom_data  00000
__Hend_init                        end_init     000C6
__Hfunctab                         functab      00000
__HidataBANK0                      idataBANK0   00000
__HidataCOMMON                     idataCOMMON  00000
__Hidloc                           idloc        00000
__Hinit                            init         000C4
__Hintentry                        intentry     000C4
__Hmaintext                        maintext     00000
__Hpowerup                         powerup      00000
__Hram                             ram          00000
__Hreset_vec                       reset_vec    00002
__Hsfr0                            sfr0         00000
__Hsfr1                            sfr1         00000
__Hsfr10                           sfr10        00000
__Hsfr11                           sfr11        00000
__Hsfr12                           sfr12        00000
__Hsfr13                           sfr13        00000
__Hsfr14                           sfr14        00000
__Hsfr15                           sfr15        00000
__Hsfr16                           sfr16        00000
__Hsfr17                           sfr17        00000
__Hsfr18                           sfr18        00000
__Hsfr19                           sfr19        00000
__Hsfr2                            sfr2         00000
__Hsfr20                           sfr20        00000
__Hsfr21                           sfr21        00000
__Hsfr22                           sfr22        00000
__Hsfr23                           sfr23        00000
__Hsfr24                           sfr24        00000
__Hsfr25                           sfr25        00000
__Hsfr26                           sfr26        00000
__Hsfr27                           sfr27        00000
__Hsfr28                           sfr28        00000
__Hsfr29                           sfr29        00000
__Hsfr3                            sfr3         00000
__Hsfr30                           sfr30        00000
__Hsfr31                           sfr31        00000
__Hsfr4                            sfr4         00000
__Hsfr5                            sfr5         00000
__Hsfr6                            sfr6         00000
__Hsfr7                            sfr7         00000
__Hsfr8                            sfr8         00000
__Hsfr9                            sfr9         00000
__Hspace_0                         (abs)        08009
__Hspace_1                         (abs)        00154
__Hspace_2                         (abs)        00000
__Hspace_3                         (abs)        00000
__Hstack                           stack        00000
__Hstrings                         strings      00000
__Hstringtext                      stringtext   00000
__Htext                            text         00000
__ISR                              intentry     00004
__ISR@comm_error_count             bssBANK1     000D7
__ISR@count                        bssBANK1     000D9
__ISR@rc_busy                      bssBANK0     00048
__ISR@rc_count                     bssCOMMON    00078
__ISR@rc_t_count                   bssBANK0     00049
__ISR@sum                          cstackCOMMON 00073
__Labs1                            abs1         00000
__Lbank0                           bank0        00000
__Lbank1                           bank1        00000
__Lbank10                          bank10       00000
__Lbank11                          bank11       00000
__Lbank12                          bank12       00000
__Lbank13                          bank13       00000
__Lbank14                          bank14       00000
__Lbank15                          bank15       00000
__Lbank16                          bank16       00000
__Lbank17                          bank17       00000
__Lbank18                          bank18       00000
__Lbank19                          bank19       00000
__Lbank2                           bank2        00000
__Lbank20                          bank20       00000
__Lbank21                          bank21       00000
__Lbank22                          bank22       00000
__Lbank23                          bank23       00000
__Lbank24                          bank24       00000
__Lbank25                          bank25       00000
__Lbank26                          bank26       00000
__Lbank27                          bank27       00000
__Lbank28                          bank28       00000
__Lbank29                          bank29       00000
__Lbank3                           bank3        00000
__Lbank30                          bank30       00000
__Lbank31                          bank31       00000
__Lbank4                           bank4        00000
__Lbank5                           bank5        00000
__Lbank6                           bank6        00000
__Lbank7                           bank7        00000
__Lbank8                           bank8        00000
__Lbank9                           bank9        00000
__Lbigram                          bigram       00000
__LbssBANK0                        bssBANK0     00000
__LbssBANK1                        bssBANK1     00000
__LbssBANK2                        bssBANK2     00000
__LbssCOMMON                       bssCOMMON    00000
__Lcinit                           cinit        000C6
__Lclrtext                         clrtext      00000
__Lcode                            code         00000
__Lcommon                          common       00000
__Lconfig                          config       08007
__LcstackBANK0                     cstackBANK0  00000
__LcstackBANK1                     cstackBANK1  00000
__LcstackCOMMON                    cstackCOMMON 00000
__LdataBANK0                       dataBANK0    00000
__LdataCOMMON                      dataCOMMON   00000
__Leeprom_data                     eeprom_data  00000
__Lend_init                        end_init     000C4
__Lfunctab                         functab      00000
__LidataBANK0                      idataBANK0   00000
__LidataCOMMON                     idataCOMMON  00000
__Lidloc                           idloc        00000
__Linit                            init         000C4
__Lintentry                        intentry     00004
__Lmaintext                        maintext     00000
__Lpowerup                         powerup      00000
__Lram                             ram          00000
__Lreset_vec                       reset_vec    00000
__Lsfr0                            sfr0         00000
__Lsfr1                            sfr1         00000
__Lsfr10                           sfr10        00000
__Lsfr11                           sfr11        00000
__Lsfr12                           sfr12        00000
__Lsfr13                           sfr13        00000
__Lsfr14                           sfr14        00000
__Lsfr15                           sfr15        00000
__Lsfr16                           sfr16        00000
__Lsfr17                           sfr17        00000
__Lsfr18                           sfr18        00000
__Lsfr19                           sfr19        00000
__Lsfr2                            sfr2         00000
__Lsfr20                           sfr20        00000
__Lsfr21                           sfr21        00000
__Lsfr22                           sfr22        00000
__Lsfr23                           sfr23        00000
__Lsfr24                           sfr24        00000
__Lsfr25                           sfr25        00000
__Lsfr26                           sfr26        00000
__Lsfr27                           sfr27        00000
__Lsfr28                           sfr28        00000
__Lsfr29                           sfr29        00000
__Lsfr3                            sfr3         00000
__Lsfr30                           sfr30        00000
__Lsfr31                           sfr31        00000
__Lsfr4                            sfr4         00000
__Lsfr5                            sfr5         00000
__Lsfr6                            sfr6         00000
__Lsfr7                            sfr7         00000
__Lsfr8                            sfr8         00000
__Lsfr9                            sfr9         00000
__Lspace_0                         (abs)        00000
__Lspace_1                         (abs)        00000
__Lspace_2                         (abs)        00000
__Lspace_3                         (abs)        00000
__Lstack                           stack        00000
__Lstrings                         strings      00000
__Lstringtext                      stringtext   00000
__Ltext                            text         00000
__S0                               (abs)        08009
__S1                               (abs)        00154
__S2                               (abs)        00000
__S3                               (abs)        00000
___awdiv                           text12       006B4
___awdiv@counter                   cstackBANK0  00024
___awdiv@dividend                  cstackBANK0  00022
___awdiv@divisor                   cstackBANK0  00020
___awdiv@quotient                  cstackBANK0  00026
___awdiv@sign                      cstackBANK0  00025
___awmod                           text11       00706
___awmod@counter                   cstackBANK0  00024
___awmod@dividend                  cstackBANK0  00022
___awmod@divisor                   cstackBANK0  00020
___awmod@sign                      cstackBANK0  00025
___int_sp                          stack        00000
___latbits                         (abs)        00001
___sp                              stack        00000
___wmul                            text10       00F2E
___wmul@multiplicand               cstackBANK0  00022
___wmul@multiplier                 cstackBANK0  00020
___wmul@product                    cstackCOMMON 00074
__end_of_AD_Init                   text21       00ED4
__end_of_ECCP1_Init                text19       007D7
__end_of_ECCP2_Init                text18       00792
__end_of_Get_AD_data               text22       00FBF
__end_of_Init                      text13       01000
__end_of_TMR4_Interrupt_set        text17       00EFF
__end_of_UART_Init                 text16       00F68
__end_of__ISR                      intentry     000C4
__end_of___awdiv                   text12       00706
__end_of___awmod                   text11       0074C
__end_of___wmul                    text10       00F4A
__end_of__initialization           cinit        000F4
__end_of_eccp_config_param_init    text15       00F14
__end_of_ioc_init                  text2        00EA6
__end_of_main                      maintext     003D8
__end_of_putc_UART                 text9        00EC9
__end_of_putdec_UARTb              text6        006B4
__end_of_puts_UART                 text8        00F8F
__end_of_puts_UARTb                text5        00F2E
__end_of_roop_manager              text25       00E9D
__end_of_set_PWM_duty              text20       0063A
__end_of_set_data_buff             text7        007FF
__end_of_set_halfbridge_duty       text4        00596
__end_of_stop_PWM                  text3        00EE2
__end_of_system_halt               text1        00EF0
__end_of_tmr0_Init                 text14       00EB5
__end_ofi1_putc_UART               text24       00EBF
__initialization                   cinit        000C6
__pbssBANK0                        bssBANK0     00048
__pbssBANK1                        bssBANK1     000C0
__pbssBANK2                        bssBANK2     00120
__pbssCOMMON                       bssCOMMON    00076
__pcstackBANK0                     cstackBANK0  00020
__pcstackBANK1                     cstackBANK1  000A0
__pcstackCOMMON                    cstackCOMMON 00070
__pdataBANK0                       dataBANK0    0004F
__pdataCOMMON                      dataCOMMON   00079
__pidataBANK0                      idataBANK0   00E9D
__pidataCOMMON                     idataCOMMON  007FF
__pintentry                        intentry     00004
__pmaintext                        maintext     000F7
__pstringtext                      stringtext   00800
__pswtext1                         swtext1      0083B
__ptext1                           text1        00EE2
__ptext10                          text10       00F2E
__ptext11                          text11       00706
__ptext12                          text12       006B4
__ptext13                          text13       00FBF
__ptext14                          text14       00EAC
__ptext15                          text15       00EFF
__ptext16                          text16       00F4A
__ptext17                          text17       00EF0
__ptext18                          text18       0074C
__ptext19                          text19       00792
__ptext2                           text2        00EA1
__ptext20                          text20       00596
__ptext21                          text21       00EC9
__ptext22                          text22       00F8F
__ptext24                          text24       00EB5
__ptext25                          text25       00E99
__ptext3                           text3        00ED4
__ptext4                           text4        003D8
__ptext5                           text5        00F14
__ptext6                           text6        0063A
__ptext7                           text7        007D7
__ptext8                           text8        00F68
__ptext9                           text9        00EBF
__size_of_AD_Init                  (abs)        00000
__size_of_ECCP1_Init               (abs)        00000
__size_of_ECCP2_Init               (abs)        00000
__size_of_Get_AD_data              (abs)        00000
__size_of_Init                     (abs)        00000
__size_of_TMR4_Interrupt_set       (abs)        00000
__size_of_UART_Init                (abs)        00000
__size_of__ISR                     (abs)        00000
__size_of___awdiv                  (abs)        00000
__size_of___awmod                  (abs)        00000
__size_of___wmul                   (abs)        00000
__size_of_eccp_config_param_init   (abs)        00000
__size_of_ioc_init                 (abs)        00000
__size_of_main                     (abs)        00000
__size_of_putc_UART                (abs)        00000
__size_of_putdec_UARTb             (abs)        00000
__size_of_puts_UART                (abs)        00000
__size_of_puts_UARTb               (abs)        00000
__size_of_roop_manager             (abs)        00000
__size_of_set_PWM_duty             (abs)        00000
__size_of_set_data_buff            (abs)        00000
__size_of_set_halfbridge_duty      (abs)        00000
__size_of_stop_PWM                 (abs)        00000
__size_of_system_halt              (abs)        00000
__size_of_tmr0_Init                (abs)        00000
__size_ofi1_putc_UART              (abs)        00000
_busy                              bssBANK0     0004A
_eccp_config_param_init            text15       00EFF
_ioc_init                          text2        00EA1
_key                               bssBANK0     0004B
_main                              maintext     000F7
_main$765                          cstackBANK1  000A4
_main$766                          cstackBANK1  000A6
_main$767                          cstackBANK1  000A8
_main$768                          cstackBANK1  000AA
_main$770                          cstackBANK1  000AC
_main$771                          cstackBANK1  000AE
_output                            bssBANK1     000DB
_putc_UART                         text9        00EBF
_putdec_UARTb                      text6        0063A
_puts_UART                         text8        00F68
_puts_UARTb                        text5        00F14
_rc_complete                       bssBANK0     0004C
_rc_success                        bssBANK0     0004D
_rcbuff                            bssBANK1     000DD
_rcmode                            dataCOMMON   00079
_roop_f                            bssBANK0     0004E
_roop_manager                      text25       00E99
_set_PWM_duty                      text20       00596
_set_PWM_duty$524                  cstackBANK0  00022
_set_PWM_duty$525                  cstackBANK0  00024
_set_data_buff                     text7        007D7
_set_halfbridge_duty               text4        003D8
_set_halfbridge_duty$127           cstackBANK0  0002E
_set_halfbridge_duty$128           cstackBANK0  00030
_set_halfbridge_duty$129           cstackBANK0  00032
_set_halfbridge_duty$130           cstackBANK0  00034
_set_halfbridge_duty$131           cstackBANK0  00036
_set_halfbridge_duty$132           cstackBANK0  00038
_set_halfbridge_duty$133           cstackBANK0  0003A
_set_halfbridge_duty$134           cstackBANK0  0003C
_set_halfbridge_duty$135           cstackBANK0  0003E
_set_halfbridge_duty$136           cstackBANK0  00040
_set_halfbridge_duty$137           cstackBANK0  00042
_stop_PWM                          text3        00ED4
_system_halt                       text1        00EE2
_tmr0_Init                         text14       00EAC
_txdata                            bssBANK1     000D4
_u1txbuff                          bssBANK2     00120
btemp                              (abs)        0007E
clear_ram0                         clrtext      00EA6
eccp_config_param_init@eccp_config cstackCOMMON 00075
end_of_initialization              cinit        000F4
i1_putc_UART                       text24       00EB5
i1putc_UART@data                   cstackCOMMON 00070
intlevel0                          functab      00000
intlevel1                          functab      00000
intlevel2                          functab      00000
intlevel3                          functab      00000
intlevel4                          functab      00000
intlevel5                          functab      00000
ltemp                              (abs)        0007E
ltemp0                             (abs)        0007E
ltemp1                             (abs)        00082
ltemp2                             (abs)        00086
ltemp3                             (abs)        00080
main@boost_duty                    cstackBANK1  000BE
main@cnt                           cstackBANK1  000B0
main@i                             cstackBANK1  000B6
main@input_voltage                 cstackBANK1  000B4
main@mode                          cstackBANK1  000B8
main@output_voltage                cstackBANK1  000B2
main@power1                        cstackBANK1  000BA
main@power1_dd                     cstackBANK1  000A0
main@power2                        cstackBANK1  000BC
main@power2_dd                     cstackBANK1  000A2
putc_UART@data                     cstackCOMMON 00074
putdec_UART@F2803                  bssBANK1     000C0
putdec_UARTb@F2797                 bssBANK1     000CA
putdec_UARTb@cnt                   cstackBANK0  00035
putdec_UARTb@dec                   cstackBANK0  00028
putdec_UARTb@dec_buff              cstackBANK0  0002B
putdec_UARTb@i                     cstackBANK0  00037
puts_UART@str                      cstackBANK0  00020
puts_UART@txie                     cstackBANK0  00022
puts_UARTb@str                     cstackBANK0  00025
reset_vec                          reset_vec    00000
set_PWM_duty@duty                  cstackCOMMON 00074
set_PWM_duty@id                    cstackBANK0  00026
set_data_buff@data                 cstackBANK0  00024
set_halfbridge_duty@id             cstackBANK0  00044
set_halfbridge_duty@power          cstackBANK0  00027
set_halfbridge_duty@power_dd       dataBANK0    0004F
set_motor_power@power_dd           bssCOMMON    00076
stackhi                            (abs)        0216F
stacklo                            (abs)        020D4
start                              init         000C4
start_initialization               cinit        000C6
ttemp                              (abs)        0007E
ttemp0                             (abs)        0007E
ttemp1                             (abs)        00081
ttemp2                             (abs)        00084
ttemp3                             (abs)        00087
ttemp4                             (abs)        0007F
wtemp                              (abs)        0007E
wtemp0                             (abs)        0007E
wtemp1                             (abs)        00080
wtemp2                             (abs)        00082
wtemp3                             (abs)        00084
wtemp4                             (abs)        00086
wtemp5                             (abs)        00088
wtemp6                             (abs)        0007F


FUNCTION INFORMATION:

 *************** function _main *****************
 Defined at:
		line 90 in file "D:\Users\Yosuke\Videos\Users\Yosuke\Documents\MPLAB 8 Projects\boost_con_2016-07-24\src\newmain.c"
 Parameters:    Size  Location     Type
		None
 Auto vars:     Size  Location     Type
  boost_duty      2   30[BANK1 ] unsigned int 
  power2          2   28[BANK1 ] int 
  power1          2   26[BANK1 ] int 
  mode            2   24[BANK1 ] unsigned int 
  i               2   22[BANK1 ] unsigned int 
  input_voltag    2   20[BANK1 ] unsigned int 
  output_volta    2   18[BANK1 ] unsigned int 
  cnt             2   16[BANK1 ] int 
  power2_dd       2    2[BANK1 ] int 
  power1_dd       2    0[BANK1 ] int 
 Return value:  Size  Location     Type
                  2  333[None  ] int 
 Registers used:
		wreg, fsr0l, fsr0h, fsr1l, fsr1h, status,2, status,0, pclath, cstack
 Tracked objects:
		On entry : 
		On exit  : 
		Unchanged: 
 Data sizes:     COMMON   BANK0   BANK1   BANK2   BANK3   BANK4
      Params:         0       0       0       0       0       0
      Locals:         0       0      32       0       0       0
      Temps:          0       3       0       0       0       0
      Totals:         0       3      32       0       0       0
Total ram usage:       35 bytes
 Hardware stack levels required when called:    6
 This function calls:
		_Get_AD_data
		_Init
		_putc_UART
		_putdec_UARTb
		_puts_UARTb
		_set_halfbridge_duty
		_stop_PWM
		_system_halt
 This function is called by:
		Startup code after reset
 This function uses a non-reentrant model


 *************** function _system_halt *****************
 Defined at:
		line 486 in file "D:\Users\Yosuke\Videos\Users\Yosuke\Documents\MPLAB 8 Projects\boost_con_2016-07-24\src\newmain.c"
 Parameters:    Size  Location     Type
		None
 Auto vars:     Size  Location     Type
		None
 Return value:  Size  Location     Type
		None               void
 Registers used:
		wreg, status,2, status,0, pclath, cstack
 Tracked objects:
		On entry : 
		On exit  : 
		Unchanged: 
 Data sizes:     COMMON   BANK0   BANK1   BANK2   BANK3   BANK4
      Params:         0       0       0       0       0       0
      Locals:         0       0       0       0       0       0
      Temps:          0       0       0       0       0       0
      Totals:         0       0       0       0       0       0
Total ram usage:        0 bytes
 Hardware stack levels used:    1
 Hardware stack levels required when called:    3
 This function calls:
		_ioc_init
 This function is called by:
		_main
 This function uses a non-reentrant model


 *************** function _ioc_init *****************
 Defined at:
		line 10 in file "D:\Users\Yosuke\Videos\Users\Yosuke\Documents\MPLAB 8 Projects\boost_con_2016-07-24\src\ioc.c"
 Parameters:    Size  Location     Type
		None
 Auto vars:     Size  Location     Type
		None
 Return value:  Size  Location     Type
		None               void
 Registers used:
		wreg, status,2
 Tracked objects:
		On entry : 
		On exit  : 
		Unchanged: 
 Data sizes:     COMMON   BANK0   BANK1   BANK2   BANK3   BANK4
      Params:         0       0       0       0       0       0
      Locals:         0       0       0       0       0       0
      Temps:          0       0       0       0       0       0
      Totals:         0       0       0       0       0       0
Total ram usage:        0 bytes
 Hardware stack levels used:    1
 Hardware stack levels required when called:    2
 This function calls:
		Nothing
 This function is called by:
		_system_halt
 This function uses a non-reentrant model


 *************** function _stop_PWM *****************
 Defined at:
		line 28 in file "D:\Users\Yosuke\Videos\Users\Yosuke\Documents\MPLAB 8 Projects\boost_con_2016-07-24\src\control_h_bridge.c"
 Parameters:    Size  Location     Type
		None
 Auto vars:     Size  Location     Type
		None
 Return value:  Size  Location     Type
		None               void
 Registers used:
		wreg, status,2, status,0, pclath, cstack
 Tracked objects:
		On entry : 
		On exit  : 
		Unchanged: 
 Data sizes:     COMMON   BANK0   BANK1   BANK2   BANK3   BANK4
      Params:         0       0       0       0       0       0
      Locals:         0       0       0       0       0       0
      Temps:          0       0       0       0       0       0
      Totals:         0       0       0       0       0       0
Total ram usage:        0 bytes
 Hardware stack levels used:    1
 Hardware stack levels required when called:    3
 This function calls:
		_set_PWM_duty
 This function is called by:
		_main
 This function uses a non-reentrant model


 *************** function _set_halfbridge_duty *****************
 Defined at:
		line 9 in file "D:\Users\Yosuke\Videos\Users\Yosuke\Documents\MPLAB 8 Projects\boost_con_2016-07-24\src\boost_con.c"
 Parameters:    Size  Location     Type
  id              1    wreg     unsigned char 
  power           2    7[BANK0 ] int 
 Auto vars:     Size  Location     Type
  id              1   36[BANK0 ] unsigned char 
 Return value:  Size  Location     Type
                  2    7[BANK0 ] int 
 Registers used:
		wreg, fsr1l, fsr1h, status,2, status,0, pclath, cstack
 Tracked objects:
		On entry : 
		On exit  : 
		Unchanged: 
 Data sizes:     COMMON   BANK0   BANK1   BANK2   BANK3   BANK4
      Params:         0       2       0       0       0       0
      Locals:         0      23       0       0       0       0
      Temps:          0       5       0       0       0       0
      Totals:         0      30       0       0       0       0
Total ram usage:       30 bytes
 Hardware stack levels used:    1
 Hardware stack levels required when called:    3
 This function calls:
		_set_PWM_duty
 This function is called by:
		_main
 This function uses a non-reentrant model


 *************** function _puts_UARTb *****************
 Defined at:
		line 89 in file "D:\Users\Yosuke\Videos\Users\Yosuke\Documents\MPLAB 8 Projects\boost_con_2016-07-24\src\uart_16f1827.c"
 Parameters:    Size  Location     Type
  str             2    5[BANK0 ] PTR unsigned char 
		 -> STR_7(3), STR_6(2), STR_5(2), STR_4(2), 
		 -> STR_3(2), STR_2(2), STR_1(36), 
 Auto vars:     Size  Location     Type
		None
 Return value:  Size  Location     Type
		None               void
 Registers used:
		wreg, fsr0l, fsr0h, fsr1l, fsr1h, status,2, status,0, pclath, cstack
 Tracked objects:
		On entry : 
		On exit  : 
		Unchanged: 
 Data sizes:     COMMON   BANK0   BANK1   BANK2   BANK3   BANK4
      Params:         0       2       0       0       0       0
      Locals:         0       0       0       0       0       0
      Temps:          0       1       0       0       0       0
      Totals:         0       3       0       0       0       0
Total ram usage:        3 bytes
 Hardware stack levels used:    1
 Hardware stack levels required when called:    5
 This function calls:
		_set_data_buff
 This function is called by:
		_main
 This function uses a non-reentrant model


 *************** function _putdec_UARTb *****************
 Defined at:
		line 127 in file "D:\Users\Yosuke\Videos\Users\Yosuke\Documents\MPLAB 8 Projects\boost_con_2016-07-24\src\uart_16f1827.c"
 Parameters:    Size  Location     Type
  dec             2    8[BANK0 ] int 
 Auto vars:     Size  Location     Type
  dec_buff       10   11[BANK0 ] unsigned char [10]
  i               2   23[BANK0 ] int 
  cnt             2   21[BANK0 ] unsigned int 
 Return value:  Size  Location     Type
		None               void
 Registers used:
		wreg, fsr0l, fsr0h, fsr1l, fsr1h, status,2, status,0, pclath, cstack
 Tracked objects:
		On entry : 
		On exit  : 
		Unchanged: 
 Data sizes:     COMMON   BANK0   BANK1   BANK2   BANK3   BANK4
      Params:         0       2       0       0       0       0
      Locals:         0      14       0       0       0       0
      Temps:          0       1       0       0       0       0
      Totals:         0      17       0       0       0       0
Total ram usage:       17 bytes
 Hardware stack levels used:    1
 Hardware stack levels required when called:    5
 This function calls:
		___awdiv
		___awmod
		___wmul
		_set_data_buff
 This function is called by:
		_main
 This function uses a non-reentrant model


 *************** function _set_data_buff *****************
 Defined at:
		line 106 in file "D:\Users\Yosuke\Videos\Users\Yosuke\Documents\MPLAB 8 Projects\boost_con_2016-07-24\src\uart_16f1827.c"
 Parameters:    Size  Location     Type
  data            1    wreg     unsigned char 
 Auto vars:     Size  Location     Type
  data            1    4[BANK0 ] unsigned char 
 Return value:  Size  Location     Type
		None               void
 Registers used:
		wreg, fsr0l, fsr0h, fsr1l, fsr1h, status,2, status,0, pclath, cstack
 Tracked objects:
		On entry : 
		On exit  : 
		Unchanged: 
 Data sizes:     COMMON   BANK0   BANK1   BANK2   BANK3   BANK4
      Params:         0       0       0       0       0       0
      Locals:         0       1       0       0       0       0
      Temps:          0       1       0       0       0       0
      Totals:         0       2       0       0       0       0
Total ram usage:        2 bytes
 Hardware stack levels used:    1
 Hardware stack levels required when called:    4
 This function calls:
		_puts_UART
 This function is called by:
		_puts_UARTb
		_putdec_UARTb
 This function uses a non-reentrant model


 *************** function _puts_UART *****************
 Defined at:
		line 73 in file "D:\Users\Yosuke\Videos\Users\Yosuke\Documents\MPLAB 8 Projects\boost_con_2016-07-24\src\uart_16f1827.c"
 Parameters:    Size  Location     Type
  str             2    0[BANK0 ] PTR unsigned char 
		 -> STR_8(19), 
 Auto vars:     Size  Location     Type
  txie            1    2[BANK0 ] unsigned char 
 Return value:  Size  Location     Type
		None               void
 Registers used:
		wreg, fsr0l, fsr0h, status,2, status,0, pclath, cstack
 Tracked objects:
		On entry : 
		On exit  : 
		Unchanged: 
 Data sizes:     COMMON   BANK0   BANK1   BANK2   BANK3   BANK4
      Params:         0       2       0       0       0       0
      Locals:         0       1       0       0       0       0
      Temps:          1       0       0       0       0       0
      Totals:         1       3       0       0       0       0
Total ram usage:        4 bytes
 Hardware stack levels used:    1
 Hardware stack levels required when called:    3
 This function calls:
		_putc_UART
 This function is called by:
		_set_data_buff
 This function uses a non-reentrant model


 *************** function _putc_UART *****************
 Defined at:
		line 59 in file "D:\Users\Yosuke\Videos\Users\Yosuke\Documents\MPLAB 8 Projects\boost_con_2016-07-24\src\uart_16f1827.c"
 Parameters:    Size  Location     Type
  data            1    wreg     unsigned char 
 Auto vars:     Size  Location     Type
  data            1    4[COMMON] unsigned char 
 Return value:  Size  Location     Type
		None               void
 Registers used:
		wreg
 Tracked objects:
		On entry : 
		On exit  : 
		Unchanged: 
 Data sizes:     COMMON   BANK0   BANK1   BANK2   BANK3   BANK4
      Params:         0       0       0       0       0       0
      Locals:         1       0       0       0       0       0
      Temps:          0       0       0       0       0       0
      Totals:         1       0       0       0       0       0
Total ram usage:        1 bytes
 Hardware stack levels used:    1
 Hardware stack levels required when called:    2
 This function calls:
		Nothing
 This function is called by:
		_main
		_puts_UART
		_data_send
		_putdec_UART
 This function uses a non-reentrant model


 *************** function ___wmul *****************
 Defined at:
		line 15 in file "C:\Program Files (x86)\Microchip\xc8\v1.34\sources\common\Umul16.c"
 Parameters:    Size  Location     Type
  multiplier      2    0[BANK0 ] unsigned int 
  multiplicand    2    2[BANK0 ] unsigned int 
 Auto vars:     Size  Location     Type
  product         2    4[COMMON] unsigned int 
 Return value:  Size  Location     Type
                  2    0[BANK0 ] unsigned int 
 Registers used:
		wreg, status,2, status,0
 Tracked objects:
		On entry : 
		On exit  : 
		Unchanged: 
 Data sizes:     COMMON   BANK0   BANK1   BANK2   BANK3   BANK4
      Params:         0       4       0       0       0       0
      Locals:         2       0       0       0       0       0
      Temps:          0       0       0       0       0       0
      Totals:         2       4       0       0       0       0
Total ram usage:        6 bytes
 Hardware stack levels used:    1
 Hardware stack levels required when called:    2
 This function calls:
		Nothing
 This function is called by:
		_putdec_UARTb
		_putdec_UART
 This function uses a non-reentrant model


 *************** function ___awmod *****************
 Defined at:
		line 6 in file "C:\Program Files (x86)\Microchip\xc8\v1.34\sources\common\awmod.c"
 Parameters:    Size  Location     Type
  divisor         2    0[BANK0 ] int 
  dividend        2    2[BANK0 ] int 
 Auto vars:     Size  Location     Type
  sign            1    5[BANK0 ] unsigned char 
  counter         1    4[BANK0 ] unsigned char 
 Return value:  Size  Location     Type
                  2    0[BANK0 ] int 
 Registers used:
		wreg, status,2, status,0
 Tracked objects:
		On entry : 
		On exit  : 
		Unchanged: 
 Data sizes:     COMMON   BANK0   BANK1   BANK2   BANK3   BANK4
      Params:         0       4       0       0       0       0
      Locals:         0       2       0       0       0       0
      Temps:          1       0       0       0       0       0
      Totals:         1       6       0       0       0       0
Total ram usage:        7 bytes
 Hardware stack levels used:    1
 Hardware stack levels required when called:    2
 This function calls:
		Nothing
 This function is called by:
		_putdec_UARTb
		_putdec_UART
 This function uses a non-reentrant model


 *************** function ___awdiv *****************
 Defined at:
		line 6 in file "C:\Program Files (x86)\Microchip\xc8\v1.34\sources\common\awdiv.c"
 Parameters:    Size  Location     Type
  divisor         2    0[BANK0 ] int 
  dividend        2    2[BANK0 ] int 
 Auto vars:     Size  Location     Type
  quotient        2    6[BANK0 ] int 
  sign            1    5[BANK0 ] unsigned char 
  counter         1    4[BANK0 ] unsigned char 
 Return value:  Size  Location     Type
                  2    0[BANK0 ] int 
 Registers used:
		wreg, status,2, status,0
 Tracked objects:
		On entry : 
		On exit  : 
		Unchanged: 
 Data sizes:     COMMON   BANK0   BANK1   BANK2   BANK3   BANK4
      Params:         0       4       0       0       0       0
      Locals:         0       4       0       0       0       0
      Temps:          1       0       0       0       0       0
      Totals:         1       8       0       0       0       0
Total ram usage:        9 bytes
 Hardware stack levels used:    1
 Hardware stack levels required when called:    2
 This function calls:
		Nothing
 This function is called by:
		_putdec_UARTb
		_putdec_UART
 This function uses a non-reentrant model


 *************** function _Init *****************
 Defined at:
		line 339 in file "D:\Users\Yosuke\Videos\Users\Yosuke\Documents\MPLAB 8 Projects\boost_con_2016-07-24\src\newmain.c"
 Parameters:    Size  Location     Type
		None
 Auto vars:     Size  Location     Type
  eccp_config     3   10[BANK0 ] struct _eccp_config_st
 Return value:  Size  Location     Type
		None               void
 Registers used:
		wreg, fsr1l, fsr1h, status,2, status,0, pclath, cstack
 Tracked objects:
		On entry : 
		On exit  : 
		Unchanged: 
 Data sizes:     COMMON   BANK0   BANK1   BANK2   BANK3   BANK4
      Params:         0       0       0       0       0       0
      Locals:         0       3       0       0       0       0
      Temps:          0       1       0       0       0       0
      Totals:         0       4       0       0       0       0
Total ram usage:        4 bytes
 Hardware stack levels used:    1
 Hardware stack levels required when called:    4
 This function calls:
		_AD_Init
		_ECCP1_Init
		_ECCP2_Init
		_TMR4_Interrupt_set
		_UART_Init
		_eccp_config_param_init
		_tmr0_Init
 This function is called by:
		_main
 This function uses a non-reentrant model


 *************** function _tmr0_Init *****************
 Defined at:
		line 5 in file "D:\Users\Yosuke\Videos\Users\Yosuke\Documents\MPLAB 8 Projects\boost_con_2016-07-24\src\tmr0.c"
 Parameters:    Size  Location     Type
		None
 Auto vars:     Size  Location     Type
		None
 Return value:  Size  Location     Type
		None               void
 Registers used:
		wreg, status,2, status,0
 Tracked objects:
		On entry : 
		On exit  : 
		Unchanged: 
 Data sizes:     COMMON   BANK0   BANK1   BANK2   BANK3   BANK4
      Params:         0       0       0       0       0       0
      Locals:         0       0       0       0       0       0
      Temps:          0       0       0       0       0       0
      Totals:         0       0       0       0       0       0
Total ram usage:        0 bytes
 Hardware stack levels used:    1
 Hardware stack levels required when called:    2
 This function calls:
		Nothing
 This function is called by:
		_Init
 This function uses a non-reentrant model


 *************** function _eccp_config_param_init *****************
 Defined at:
		line 125 in file "D:\Users\Yosuke\Videos\Users\Yosuke\Documents\MPLAB 8 Projects\boost_con_2016-07-24\src\ECCP.c"
 Parameters:    Size  Location     Type
  eccp_config     1    wreg     PTR struct _eccp_config_
		 -> Init@eccp_config(3), 
 Auto vars:     Size  Location     Type
  eccp_config     1    5[COMMON] PTR struct _eccp_config_
		 -> Init@eccp_config(3), 
 Return value:  Size  Location     Type
		None               void
 Registers used:
		wreg, fsr1l, fsr1h, status,2, status,0
 Tracked objects:
		On entry : 
		On exit  : 
		Unchanged: 
 Data sizes:     COMMON   BANK0   BANK1   BANK2   BANK3   BANK4
      Params:         0       0       0       0       0       0
      Locals:         1       0       0       0       0       0
      Temps:          1       0       0       0       0       0
      Totals:         2       0       0       0       0       0
Total ram usage:        2 bytes
 Hardware stack levels used:    1
 Hardware stack levels required when called:    2
 This function calls:
		Nothing
 This function is called by:
		_Init
 This function uses a non-reentrant model


 *************** function _UART_Init *****************
 Defined at:
		line 20 in file "D:\Users\Yosuke\Videos\Users\Yosuke\Documents\MPLAB 8 Projects\boost_con_2016-07-24\src\uart_16f1827.c"
 Parameters:    Size  Location     Type
		None
 Auto vars:     Size  Location     Type
		None
 Return value:  Size  Location     Type
		None               void
 Registers used:
		wreg, status,2
 Tracked objects:
		On entry : 
		On exit  : 
		Unchanged: 
 Data sizes:     COMMON   BANK0   BANK1   BANK2   BANK3   BANK4
      Params:         0       0       0       0       0       0
      Locals:         0       0       0       0       0       0
      Temps:          0       0       0       0       0       0
      Totals:         0       0       0       0       0       0
Total ram usage:        0 bytes
 Hardware stack levels used:    1
 Hardware stack levels required when called:    2
 This function calls:
		Nothing
 This function is called by:
		_Init
 This function uses a non-reentrant model


 *************** function _TMR4_Interrupt_set *****************
 Defined at:
		line 88 in file "D:\Users\Yosuke\Videos\Users\Yosuke\Documents\MPLAB 8 Projects\boost_con_2016-07-24\src\ECCP.c"
 Parameters:    Size  Location     Type
  ps              1    wreg     unsigned char 
 Auto vars:     Size  Location     Type
  ps              1    5[COMMON] unsigned char 
 Return value:  Size  Location     Type
		None               void
 Registers used:
		wreg, status,2, status,0
 Tracked objects:
		On entry : 
		On exit  : 
		Unchanged: 
 Data sizes:     COMMON   BANK0   BANK1   BANK2   BANK3   BANK4
      Params:         0       0       0       0       0       0
      Locals:         1       0       0       0       0       0
      Temps:          1       0       0       0       0       0
      Totals:         2       0       0       0       0       0
Total ram usage:        2 bytes
 Hardware stack levels used:    1
 Hardware stack levels required when called:    2
 This function calls:
		Nothing
 This function is called by:
		_Init
 This function uses a non-reentrant model


 *************** function _ECCP2_Init *****************
 Defined at:
		line 59 in file "D:\Users\Yosuke\Videos\Users\Yosuke\Documents\MPLAB 8 Projects\boost_con_2016-07-24\src\ECCP.c"
 Parameters:    Size  Location     Type
  eccp_config     1    wreg     PTR struct _eccp_config_
		 -> Init@eccp_config(3), 
 Auto vars:     Size  Location     Type
  eccp_config     1    8[BANK0 ] PTR struct _eccp_config_
		 -> Init@eccp_config(3), 
 Return value:  Size  Location     Type
		None               void
 Registers used:
		wreg, fsr1l, fsr1h, status,2, status,0, pclath, cstack
 Tracked objects:
		On entry : 
		On exit  : 
		Unchanged: 
 Data sizes:     COMMON   BANK0   BANK1   BANK2   BANK3   BANK4
      Params:         0       0       0       0       0       0
      Locals:         0       1       0       0       0       0
      Temps:          0       1       0       0       0       0
      Totals:         0       2       0       0       0       0
Total ram usage:        2 bytes
 Hardware stack levels used:    1
 Hardware stack levels required when called:    3
 This function calls:
		_set_PWM_duty
 This function is called by:
		_Init
 This function uses a non-reentrant model


 *************** function _ECCP1_Init *****************
 Defined at:
		line 29 in file "D:\Users\Yosuke\Videos\Users\Yosuke\Documents\MPLAB 8 Projects\boost_con_2016-07-24\src\ECCP.c"
 Parameters:    Size  Location     Type
  eccp_config     1    wreg     PTR struct _eccp_config_
		 -> Init@eccp_config(3), 
 Auto vars:     Size  Location     Type
  eccp_config     1    8[BANK0 ] PTR struct _eccp_config_
		 -> Init@eccp_config(3), 
 Return value:  Size  Location     Type
		None               void
 Registers used:
		wreg, fsr1l, fsr1h, status,2, status,0, pclath, cstack
 Tracked objects:
		On entry : 
		On exit  : 
		Unchanged: 
 Data sizes:     COMMON   BANK0   BANK1   BANK2   BANK3   BANK4
      Params:         0       0       0       0       0       0
      Locals:         0       1       0       0       0       0
      Temps:          0       1       0       0       0       0
      Totals:         0       2       0       0       0       0
Total ram usage:        2 bytes
 Hardware stack levels used:    1
 Hardware stack levels required when called:    3
 This function calls:
		_set_PWM_duty
 This function is called by:
		_Init
 This function uses a non-reentrant model


 *************** function _set_PWM_duty *****************
 Defined at:
		line 96 in file "D:\Users\Yosuke\Videos\Users\Yosuke\Documents\MPLAB 8 Projects\boost_con_2016-07-24\src\ECCP.c"
 Parameters:    Size  Location     Type
  id              1    wreg     unsigned char 
  duty            2    4[COMMON] int 
 Auto vars:     Size  Location     Type
  id              1    6[BANK0 ] unsigned char 
 Return value:  Size  Location     Type
		None               void
 Registers used:
		wreg, status,2, status,0
 Tracked objects:
		On entry : 
		On exit  : 
		Unchanged: 
 Data sizes:     COMMON   BANK0   BANK1   BANK2   BANK3   BANK4
      Params:         2       0       0       0       0       0
      Locals:         0       5       0       0       0       0
      Temps:          0       2       0       0       0       0
      Totals:         2       7       0       0       0       0
Total ram usage:        9 bytes
 Hardware stack levels used:    1
 Hardware stack levels required when called:    2
 This function calls:
		Nothing
 This function is called by:
		_set_halfbridge_duty
		_stop_PWM
		_ECCP1_Init
		_ECCP2_Init
		_set_motor_power
 This function uses a non-reentrant model


 *************** function _AD_Init *****************
 Defined at:
		line 13 in file "D:\Users\Yosuke\Videos\Users\Yosuke\Documents\MPLAB 8 Projects\boost_con_2016-07-24\src\ADC.c"
 Parameters:    Size  Location     Type
		None
 Auto vars:     Size  Location     Type
		None
 Return value:  Size  Location     Type
		None               void
 Registers used:
		wreg, status,2, status,0
 Tracked objects:
		On entry : 
		On exit  : 
		Unchanged: 
 Data sizes:     COMMON   BANK0   BANK1   BANK2   BANK3   BANK4
      Params:         0       0       0       0       0       0
      Locals:         0       0       0       0       0       0
      Temps:          0       0       0       0       0       0
      Totals:         0       0       0       0       0       0
Total ram usage:        0 bytes
 Hardware stack levels used:    1
 Hardware stack levels required when called:    2
 This function calls:
		Nothing
 This function is called by:
		_Init
 This function uses a non-reentrant model


 *************** function _Get_AD_data *****************
 Defined at:
		line 22 in file "D:\Users\Yosuke\Videos\Users\Yosuke\Documents\MPLAB 8 Projects\boost_con_2016-07-24\src\ADC.c"
 Parameters:    Size  Location     Type
  chs             1    wreg     unsigned char 
 Auto vars:     Size  Location     Type
  chs             1    3[BANK0 ] unsigned char 
  data            2    4[BANK0 ] unsigned int 
 Return value:  Size  Location     Type
                  2    4[COMMON] unsigned int 
 Registers used:
		wreg, status,2, status,0
 Tracked objects:
		On entry : 
		On exit  : 
		Unchanged: 
 Data sizes:     COMMON   BANK0   BANK1   BANK2   BANK3   BANK4
      Params:         2       0       0       0       0       0
      Locals:         0       3       0       0       0       0
      Temps:          0       3       0       0       0       0
      Totals:         2       6       0       0       0       0
Total ram usage:        8 bytes
 Hardware stack levels used:    1
 Hardware stack levels required when called:    2
 This function calls:
		Nothing
 This function is called by:
		_main
 This function uses a non-reentrant model


 *************** function __ISR *****************
 Defined at:
		line 376 in file "D:\Users\Yosuke\Videos\Users\Yosuke\Documents\MPLAB 8 Projects\boost_con_2016-07-24\src\newmain.c"
 Parameters:    Size  Location     Type
		None
 Auto vars:     Size  Location     Type
  sum             1    3[COMMON] unsigned char 
 Return value:  Size  Location     Type
		None               void
 Registers used:
		wreg, fsr0l, fsr0h, fsr1l, fsr1h, status,2, status,0, pclath, cstack
 Tracked objects:
		On entry : 
		On exit  : 
		Unchanged: 
 Data sizes:     COMMON   BANK0   BANK1   BANK2   BANK3   BANK4
      Params:         0       0       0       0       0       0
      Locals:         1       0       0       0       0       0
      Temps:          2       0       0       0       0       0
      Totals:         3       0       0       0       0       0
Total ram usage:        3 bytes
 Hardware stack levels used:    1
 Hardware stack levels required when called:    1
 This function calls:
		_roop_manager
		i1_putc_UART
 This function is called by:
		Interrupt level 1
 This function uses a non-reentrant model


 *************** function i1_putc_UART *****************
 Defined at:
		line 59 in file "D:\Users\Yosuke\Videos\Users\Yosuke\Documents\MPLAB 8 Projects\boost_con_2016-07-24\src\uart_16f1827.c"
 Parameters:    Size  Location     Type
  data            1    wreg     unsigned char 
 Auto vars:     Size  Location     Type
  data            1    0[COMMON] unsigned char 
 Return value:  Size  Location     Type
		None               void
 Registers used:
		wreg
 Tracked objects:
		On entry : 
		On exit  : 
		Unchanged: 
 Data sizes:     COMMON   BANK0   BANK1   BANK2   BANK3   BANK4
      Params:         0       0       0       0       0       0
      Locals:         1       0       0       0       0       0
      Temps:          0       0       0       0       0       0
      Totals:         1       0       0       0       0       0
Total ram usage:        1 bytes
 Hardware stack levels used:    1
 This function calls:
		Nothing
 This function is called by:
		__ISR
 This function uses a non-reentrant model


 *************** function _roop_manager *****************
 Defined at:
		line 499 in file "D:\Users\Yosuke\Videos\Users\Yosuke\Documents\MPLAB 8 Projects\boost_con_2016-07-24\src\newmain.c"
 Parameters:    Size  Location     Type
		None
 Auto vars:     Size  Location     Type
		None
 Return value:  Size  Location     Type
                  1    wreg      unsigned char 
 Registers used:
		wreg, status,2, status,0
 Tracked objects:
		On entry : 
		On exit  : 
		Unchanged: 
 Data sizes:     COMMON   BANK0   BANK1   BANK2   BANK3   BANK4
      Params:         0       0       0       0       0       0
      Locals:         0       0       0       0       0       0
      Temps:          0       0       0       0       0       0
      Totals:         0       0       0       0       0       0
Total ram usage:        0 bytes
 Hardware stack levels used:    1
 This function calls:
		Nothing
 This function is called by:
		__ISR
 This function uses a non-reentrant model



MODULE INFORMATION

Module		Function		Class		Link	Load	Size
D:\Users\Yosuke\Videos\Users\Yosuke\Documents\MPLAB 8 Projects\boost_con_2016-07-24\src\boost_con.c
		_set_halfbridge		CODE           	03D8	0000	447

D:\Users\Yosuke\Videos\Users\Yosuke\Documents\MPLAB 8 Projects\boost_con_2016-07-24\src\boost_con.c estimated size: 447

D:\Users\Yosuke\Videos\Users\Yosuke\Documents\MPLAB 8 Projects\boost_con_2016-07-24\src\control_h_bridge.c
		_stop_PWM      		CODE           	0ED4	0000	15

D:\Users\Yosuke\Videos\Users\Yosuke\Documents\MPLAB 8 Projects\boost_con_2016-07-24\src\control_h_bridge.c estimated size: 15

D:\Users\Yosuke\Videos\Users\Yosuke\Documents\MPLAB 8 Projects\boost_con_2016-07-24\src\ADC.c
		_Get_AD_data   		CODE           	0F8F	0000	49
		_AD_Init       		CODE           	0EC9	0000	12

D:\Users\Yosuke\Videos\Users\Yosuke\Documents\MPLAB 8 Projects\boost_con_2016-07-24\src\ADC.c estimated size: 61

D:\Users\Yosuke\Videos\Users\Yosuke\Documents\MPLAB 8 Projects\boost_con_2016-07-24\src\newmain.c
		_system_halt   		CODE           	0EE2	0000	15
		__ISR          		CODE           	0004	0000	193
		_main          		CODE           	00F7	0000	738
		_Init          		CODE           	0FBF	0000	66
		_roop_manager  		CODE           	0E99	0000	5

D:\Users\Yosuke\Videos\Users\Yosuke\Documents\MPLAB 8 Projects\boost_con_2016-07-24\src\newmain.c estimated size: 1017

C:\Program Files (x86)\Microchip\xc8\v1.34\sources\common\awmod.c
		___awmod       		CODE           	0706	0000	71

C:\Program Files (x86)\Microchip\xc8\v1.34\sources\common\awmod.c estimated size: 71

D:\Users\Yosuke\Videos\Users\Yosuke\Documents\MPLAB 8 Projects\boost_con_2016-07-24\src\uart_16f1827.c
		_set_data_buff 		CODE           	07D7	0000	41
		_putdec_UARTb  		CODE           	063A	0000	123
		_UART_Init     		CODE           	0F4A	0000	31
		_putc_UART     		CODE           	0EBF	0000	11
		_puts_UART     		CODE           	0F68	0000	40
		_puts_UARTb    		CODE           	0F14	0000	27

D:\Users\Yosuke\Videos\Users\Yosuke\Documents\MPLAB 8 Projects\boost_con_2016-07-24\src\uart_16f1827.c estimated size: 273

shared
		__initializatio		CODE           	00C6	0000	47
		i1_putc_UART   		CODE           	0EB5	0000	11

shared estimated size: 58

D:\Users\Yosuke\Videos\Users\Yosuke\Documents\MPLAB 8 Projects\boost_con_2016-07-24\src\tmr0.c
		_tmr0_Init     		CODE           	0EAC	0000	10

D:\Users\Yosuke\Videos\Users\Yosuke\Documents\MPLAB 8 Projects\boost_con_2016-07-24\src\tmr0.c estimated size: 10

D:\Users\Yosuke\Videos\Users\Yosuke\Documents\MPLAB 8 Projects\boost_con_2016-07-24\src\ioc.c
		_ioc_init      		CODE           	0EA1	0000	6

D:\Users\Yosuke\Videos\Users\Yosuke\Documents\MPLAB 8 Projects\boost_con_2016-07-24\src\ioc.c estimated size: 6

C:\Program Files (x86)\Microchip\xc8\v1.34\sources\common\awdiv.c
		___awdiv       		CODE           	06B4	0000	83

C:\Program Files (x86)\Microchip\xc8\v1.34\sources\common\awdiv.c estimated size: 83

C:\Program Files (x86)\Microchip\xc8\v1.34\sources\common\Umul16.c
		___wmul        		CODE           	0F2E	0000	29

C:\Program Files (x86)\Microchip\xc8\v1.34\sources\common\Umul16.c estimated size: 29

D:\Users\Yosuke\Videos\Users\Yosuke\Documents\MPLAB 8 Projects\boost_con_2016-07-24\src\ECCP.c
		_eccp_config_pa		CODE           	0EFF	0000	22
		_ECCP1_Init    		CODE           	0792	0000	70
		_set_PWM_duty  		CODE           	0596	0000	165
		_TMR4_Interrupt		CODE           	0EF0	0000	16
		_ECCP2_Init    		CODE           	074C	0000	71

D:\Users\Yosuke\Videos\Users\Yosuke\Documents\MPLAB 8 Projects\boost_con_2016-07-24\src\ECCP.c estimated size: 344

